// Jest Snapshot v1, https://goo.gl/fbAQLP

exports[`compositions/homepage/BuildBetter snapshot 1`] = `
<Container>
  <styled__Title>
    Build better
  </styled__Title>
  <styled__Body>
    Great companies go beyond their customers expectations, over and over again. Building this capability in your company is our mission, and our promise.
  </styled__Body>
  <styled__Body>
    We enable your organisation to deliver world-class technology and customer experiences.
  </styled__Body>
  <Button
    component="a"
    href="#case-studies"
  >
    Case Studies â†“
  </Button>
</Container>
`;
