// Jest Snapshot v1, https://goo.gl/fbAQLP

exports[`components/Button snapshot 1`] = `<styled.a />`;
