// Jest Snapshot v1, https://goo.gl/fbAQLP

exports[`components/Panel snapshot 1`] = `
<div
  className="sc-bdVaJa eTNNel"
/>
`;
