// Jest Snapshot v1, https://goo.gl/fbAQLP

exports[`compositions/homepage/BuildBetter snapshot 1`] = `""`;
