// Jest Snapshot v1, https://goo.gl/fbAQLP

exports[`snapshot 1`] = `
<Container
  gradient={false}
/>
`;

exports[`snapshot with gradient 1`] = `
<Container
  gradient={true}
>
  Content
  <Gradient
    height="50%"
  />
</Container>
`;
