// Jest Snapshot v1, https://goo.gl/fbAQLP

exports[`components/TileGrid snapshot 1`] = `
<ul
  className="sc-ifAKCX ZzcRA"
/>
`;
