// Jest Snapshot v1, https://goo.gl/fbAQLP

exports[`components/Header snapshot 1`] = `
<styled__Wrapper>
  <Logo />
  <Navigation />
</styled__Wrapper>
`;
