// Jest Snapshot v1, https://goo.gl/fbAQLP

exports[`components/PageRule snapshot 1`] = `
.c0 {
  margin: 100px 0;
}

<Rule
  className="c0"
/>
`;
