// Jest Snapshot v1, https://goo.gl/fbAQLP

exports[`components/TileGrid/Tile snapshot 1`] = `
<styled.li
  colour="normal"
>
  <styled.div>
    <styled.h5>
      Hello, world
    </styled.h5>
    <styled.p>
      This is some example content.
    </styled.p>
  </styled.div>
</styled.li>
`;
