// Jest Snapshot v1, https://goo.gl/fbAQLP

exports[`components/ProductGrid snapshot 1`] = `<div />`;
