// Jest Snapshot v1, https://goo.gl/fbAQLP

exports[`compositions/homepage/WeEnable snapshot 1`] = `
<styled.div>
  <PageSectionHeader
    description={null}
    title="We enable you to..."
  />
</styled.div>
`;
