// Jest Snapshot v1, https://goo.gl/fbAQLP

exports[`components/Post snapshot 1`] = `
<styled.article>
  <header>
    <styled.h4>
      Weâ€™re Hiring! YLD on the look out for Front-End Devs and DevOps.
    </styled.h4>
  </header>
  <styled.section>
    I think its one of the simplest yet most powerful extensions inVision
    hasn't launched. As animation and transition in inVision evolve it
    should grow even more powerful
  </styled.section>
  <Styled(styled.hr) />
  <styled.footer>
    <styled.img
      src="https://placekitten.com/128/128"
    />
    <styled.p>
      <Link
        href="/people/nuno-job"
      >
        Nuno Job
      </Link>
      <styled.time
        datetime="2018-05-18T14:38:23.996+01:00"
      >
        May 18
      </styled.time>
    </styled.p>
  </styled.footer>
</styled.article>
`;
