// Jest Snapshot v1, https://goo.gl/fbAQLP

exports[`compositions/pages/Services/Subservice snapshot 1`] = `
<styled__Container>
  <Typography__H4>
    Digital Transformation
  </Typography__H4>
  <Typography__base>
    Content
  </Typography__base>
</styled__Container>
`;
