// Jest Snapshot v1, https://goo.gl/fbAQLP

exports[`snapshot 1`] = `
<styled__BaseGradient
  height="50%"
/>
`;
